[08:37:20] == nodered 엣지 측정 시작 (컨테이너: rot-base-edge-1)
합계 83.1 MiB
[08:37:41] 1) 정상 3분: 누락·지연
기록 2208건, 스캔 181개
{"scans": 177, "expected_tag_scans": 2124, "missing_tag_scans": 0, "duplicates": 0, "latency_p50_ms": 162.7, "latency_p95_ms": 298.9}
[08:40:50] 2) 운전원 명령 왕복 10회
{"reps": 10, "accepted_and_reflected": 10, "ack_p50_s": 0.235, "state_p50_s": 0.235}
[08:41:12] 3) OT 작업 요청 수신기
PASS REMOTE_MANUAL → 운전원 대기: OPERATOR_WAIT STORED 0.044s
PASS 운전원 수락 → OPERATOR_ACCEPTED: OPERATOR_ACCEPTED OPERATOR 0.132s
PASS 운전원 수락 → PLC 수용: ACCEPTED ACCEPTED 0.356s
PASS 스키마 오류 거부: REJECTED SCHEMA_INVALID 0.091s
PASS 파라미터 범위 밖 거부: REJECTED PARAMETER_RANGE 0.086s
PASS 만료 거부: REJECTED EXPIRED 0.088s
PASS 설비 불일치 거부: REJECTED EQUIPMENT_MISMATCH 0.089s
PASS REMOTE_AUTO 자동 수용 1: AUTO_ACCEPTED REMOTE_AUTO 0.006s
PASS REMOTE_AUTO PLC 수용 1: ACCEPTED ACCEPTED 0.132s
PASS REMOTE_AUTO 자동 수용 2: AUTO_ACCEPTED REMOTE_AUTO 0.043s
PASS REMOTE_AUTO PLC 수용 2: ACCEPTED ACCEPTED 0.256s
PASS REMOTE_AUTO 자동 수용 3: AUTO_ACCEPTED REMOTE_AUTO 0.044s
PASS REMOTE_AUTO PLC 수용 3: ACCEPTED ACCEPTED 0.248s
PASS REMOTE_AUTO 자동 수용 4: AUTO_ACCEPTED REMOTE_AUTO 0.043s
PASS REMOTE_AUTO PLC 수용 4: ACCEPTED ACCEPTED 0.239s
PASS REMOTE_AUTO 자동 수용 5: AUTO_ACCEPTED REMOTE_AUTO 0.047s
PASS REMOTE_AUTO PLC 수용 5: ACCEPTED ACCEPTED 0.242s
PASS REMOTE_AUTO 자동 수용 6: AUTO_ACCEPTED REMOTE_AUTO 0.046s
PASS REMOTE_AUTO PLC 수용 6: ACCEPTED ACCEPTED 0.254s
PASS REMOTE_AUTO 자동 수용 7: AUTO_ACCEPTED REMOTE_AUTO 0.046s
PASS REMOTE_AUTO PLC 수용 7: ACCEPTED ACCEPTED 0.242s
PASS REMOTE_AUTO 자동 수용 8: AUTO_ACCEPTED REMOTE_AUTO 0.048s
PASS REMOTE_AUTO PLC 수용 8: ACCEPTED ACCEPTED 0.246s
PASS REMOTE_AUTO 자동 수용 9: AUTO_ACCEPTED REMOTE_AUTO 0.048s
PASS REMOTE_AUTO PLC 수용 9: ACCEPTED ACCEPTED 0.252s
PASS REMOTE_AUTO 자동 수용 10: AUTO_ACCEPTED REMOTE_AUTO 0.044s
PASS REMOTE_AUTO PLC 수용 10: ACCEPTED ACCEPTED 0.243s
PASS 중복 요청 첫 응답 1번
{"pass": 28, "fail": 0, "receipt_p95_s": 0.048, "receipt_max_s": 0.048}
[08:41:32] 4-1) OT 허브 10초 정지 → 재기동
{"scans": 72, "expected_tag_scans": 864, "missing_tag_scans": 0, "duplicates": 0, "latency_p50_ms": 160.1, "latency_p95_ms": 9937.3, "recover_s": 2.58, "outage_window_tag_scans": 264, "outage_missing_tag_scans": 0}
[08:43:06] 4-2) OT 허브 10초 정지 → 재기동
{"scans": 71, "expected_tag_scans": 852, "missing_tag_scans": 0, "duplicates": 0, "latency_p50_ms": 246.4, "latency_p95_ms": 9910.6, "recover_s": 2.42, "outage_window_tag_scans": 264, "outage_missing_tag_scans": 0}
[08:44:40] 4-3) OT 허브 10초 정지 → 재기동
{"scans": 72, "expected_tag_scans": 864, "missing_tag_scans": 0, "duplicates": 0, "latency_p50_ms": 257.8, "latency_p95_ms": 9874.8, "recover_s": 2.34, "outage_window_tag_scans": 264, "outage_missing_tag_scans": 0}
[08:46:14] 5-1) 엣지 재시작 → 사람 손 없이 복귀
{"scans": 72, "expected_tag_scans": 864, "missing_tag_scans": 24, "duplicates": 0, "latency_p50_ms": 149.4, "latency_p95_ms": 195.5, "recover_s": 1.52, "outage_window_tag_scans": 132, "outage_missing_tag_scans": 24}
[08:47:50] 5-2) 엣지 재시작 → 사람 손 없이 복귀
{"scans": 72, "expected_tag_scans": 864, "missing_tag_scans": 24, "duplicates": 0, "latency_p50_ms": 233.5, "latency_p95_ms": 263.7, "recover_s": 1.56, "outage_window_tag_scans": 144, "outage_missing_tag_scans": 24}
[08:49:24] 5-3) 엣지 재시작 → 사람 손 없이 복귀
{"scans": 72, "expected_tag_scans": 864, "missing_tag_scans": 24, "duplicates": 0, "latency_p50_ms": 242.1, "latency_p95_ms": 311.5, "recover_s": 1.55, "outage_window_tag_scans": 144, "outage_missing_tag_scans": 24}
합계 76.8 MiB
[08:51:00] == nodered 끝
