[1mAR-100 IIoT/SCADA 파이프라인 · 전 계층 검증[0m

[1mTier 1 · 현장 에지 — 프로토콜 정규화와 양방향 제어[0m
  [32m✓[0m 시뮬레이터 응답  — 태그 12점, seq=639
  [32m✓[0m EdgeX 프로토콜 정규화 (Modbus → JSON)  — 10초간 이벤트 +11건
  [32m✓[0m Southbound 제어 (Modbus 코일 쓰기 → 물리 반응)  — FT-101 6.63 → 0.02 m3/h, IT-101 6.58 → 0.01 A

[1mTier 2 · 수집 & 백본 — 무손실 유입[0m
  [32m✓[0m Kafka 토픽 구성  — 4개 토픽
  [32m✓[0m 정규화 스키마 일관성  — 432건 / 태그 12종
  [32m✓[0m 나노초 타임스탬프 보존  — InfluxDB 정밀도 활용 (PDF p.7)

[1mTier 3 · 스트림 처리 & ML[0m
  [32m✓[0m Flink 잡 가동  — RUNNING 4개 (Tier-1 SQL 3 + Tier-2 ONNX 1)
  [31m✗[0m 원본에 결측 구간 보존 (무결성)  — raw TT-101 공백 []초 — 보간으로 덮어쓰지 않음
  [31m✗[0m 결측치 보간 수행  — clean 보간 0건, 방식 -
  [31m✗[0m 보간값이 quality 로 식별됨 (감사 추적)  — 실측치와 추정치가 구분되어 저장됨 (PDF p.5)
  [32m✓[0m Autoencoder 추론 동작  — 36건 수신
  [32m✓[0m 임베디드 서빙 지연 < 5ms  — 평균 0.221ms — TaskManager 내부 직접 호출 (네트워크 홉 0)
  [32m✓[0m 이상 기여 센서 역추적  — CT-101(24%), pH-101(20%), VT-101(18%)

[1mTier 3 · 다층 이상 탐지 — 시나리오별 담당 계층 확인[0m
  [32m✓[0m spike → TIER1_RULE  — PT-101 = 7.423 barg / 규격 [-, 6.0] | 규격 이탈은 1계층 규칙이 즉시 처리
  [32m✓[0m bearing_wear → TIER1_CEP  — 교반기 전류 10.67A (정격 120% 초과) 후 1초 내 진동 8.34mm/s 상회 → 베어링 열화 의심 | 전류→진동 시간 종속 패턴은 CEP 가 처리
  [32m✓[0m drift → TIER2_ML  — 재구성오차 118.96446 > 임계 0.03508 · 기여 상위: VT-101(58%), IT-102(22%), LT-101(7%) · 추론 0.22ms | 상관구조 붕괴는 Autoencoder 만 탐지 가능

[1mTier 4 · 저장 · 감시 · 관제[0m
  [32m✓[0m InfluxDB 히스토리안 적재  — 최근 5분 태그 12종
  [32m✓[0m quality 태그 보존  — 실측/추정 구분이 히스토리안까지 전달됨
  [32m✓[0m Prometheus 에 센서 데이터 없음 (역할 분리)  — 메트릭 959종 중 공정태그 0개 — PDF p.7 결론 5
  [32m✓[0m Prometheus 인프라 스크랩  — 7/7 타깃 정상: cadvisor, emqx, flink, influxdb, kafka, prometheus

[1mTier 4 · 웹 SCADA — 양방향 제어 (Grafana 로는 불가능한 영역)[0m
  [32m✓[0m FUXA P&ID 자동 프로비저닝  — 디바이스 2개, 뷰 1개, 바인딩 아이템 41개
  [32m✓[0m FUXA Modbus 읽기 (P&ID 실시간 표출)  — TT_101=76.71236419677734 vs 시뮬레이터 76.71
  [32m✓[0m FUXA 양방향 제어 (SCADA 제어 루프)  — 정지 FT-101=0.00 → 85% 재기동 FT-101=7.29 m3/h

[1m결과: 20/23 통과[0m
  실패 → 원본에 결측 구간 보존 (무결성): raw TT-101 공백 []초 — 보간으로 덮어쓰지 않음
  실패 → 결측치 보간 수행: clean 보간 0건, 방식 -
  실패 → 보간값이 quality 로 식별됨 (감사 추적): 실측치와 추정치가 구분되어 저장됨 (PDF p.5)
