[10:45:34] == baseline V1 시작
[10:45:34] P0 순수 기준 버전 복구
/rot-plant-simulator rot-plant-simulator:v2-ts
/rot-ai-knowledge-1 rot-ai-knowledge
[10:46:09] Flink RUNNING 4
[10:46:09] P1 정상 3분(E3·R09·E7·E12)
{"mqtt_emqx_anonymous": true, "mqtt_edgex_internal_anonymous": true, "kafka_plaintext_no_auth": true, "influxdb_query_no_token": false, "fuxa_project_no_login": true, "grafana_no_login": true, "flink_rest_no_auth": true, "edgex_command_no_auth": true, "prometheus_no_auth": true, "alertmanager_no_auth": true, "simulator_api_no_auth": true, "open_count": 10, "probed": 11}
{"pairs": 120, "within_tolerance": 119, "rate": 0.9917}
{"kafka_raw": {"expected": 1932, "missing_s_total": 0, "dup_total": 0, "max_gap_s": 1.02}, "influx_process_raw": {"expected": 1932, "missing_s_total": 0, "dup_total": 0, "max_gap_s": 1.02}}
[10:49:18] P1 끝
[10:49:18] P2 E1 알람→화면 10회 × 3
{"kafka:sensor.alerts": {"n": 10, "missing": 0, "p50": 1610.9, "p95": 1655.1, "max": 1655.1, "mean": 1612.4}, "mqtt:scada/alerts/PT-101": {"n": 10, "missing": 0, "p50": 1777.7, "p95": 1802.6, "max": 1802.6, "mean": 1777.4}, "mqtt:scada/hmi/latest-alert": {"n": 10, "missing": 0, "p50": 1917.8, "p95": 1942.1, "max": 1942.1, "mean": 1918.8}, "incident": {"n": 10, "missing": 0, "p50": 1760.9, "p95": 1880.0, "max": 1880.0, "mean": 1766.3}}
{"kafka:sensor.alerts": {"n": 10, "missing": 0, "p50": 1634.0, "p95": 1939.3, "max": 1939.3, "mean": 1660.2}, "mqtt:scada/alerts/PT-101": {"n": 10, "missing": 0, "p50": 1788.2, "p95": 2078.6, "max": 2078.6, "mean": 1816.7}, "mqtt:scada/hmi/latest-alert": {"n": 10, "missing": 0, "p50": 1921.5, "p95": 2222.7, "max": 2222.7, "mean": 1953.0}, "incident": {"n": 10, "missing": 0, "p50": 1783.9, "p95": 2058.0, "max": 2058.0, "mean": 1796.8}}
{"kafka:sensor.alerts": {"n": 10, "missing": 0, "p50": 1629.5, "p95": 1671.5, "max": 1671.5, "mean": 1633.1}, "mqtt:scada/alerts/PT-101": {"n": 10, "missing": 0, "p50": 1777.5, "p95": 1837.3, "max": 1837.3, "mean": 1786.4}, "mqtt:scada/hmi/latest-alert": {"n": 10, "missing": 0, "p50": 1917.1, "p95": 1975.1, "max": 1975.1, "mean": 1925.1}, "incident": {"n": 10, "missing": 0, "p50": 1810.6, "p95": 3908.6, "max": 3908.6, "mean": 1986.6}}
[10:52:00] P3 비정상
[10:52:01] r01 #1 주입
[10:52:28] r01 #1 복구 14s
[10:52:28] Flink RUNNING 4
{"kafka_raw": {"expected": 636, "missing_s_total": 0, "dup_total": 0, "max_gap_s": 1.01}, "influx_process_raw": {"expected": 636, "missing_s_total": 0, "dup_total": 0, "max_gap_s": 1.01}}
[10:52:58] r02 #1 주입
[10:53:13] r02 #1 복구 4s
[10:53:13] Flink RUNNING 4
{"kafka_raw": {"expected": 480, "missing_s_total": 132, "dup_total": 0, "max_gap_s": 12.0}, "influx_process_raw": {"expected": 480, "missing_s_total": 132, "dup_total": 0, "max_gap_s": 12.0}}
[10:53:37] r03 #1 주입
[10:53:51] r03 #1 복구 10s
[10:53:52] Flink RUNNING 4
{"kafka_raw": {"expected": 480, "missing_s_total": 0, "dup_total": 293, "max_gap_s": 1.02}, "influx_process_raw": {"expected": 480, "missing_s_total": 0, "dup_total": 0, "max_gap_s": 1.02}}
[10:54:13] r06 #1 주입
[11:04:47] r06 #1 복구 603s
[11:04:47] Flink RUNNING 4
{"kafka_raw": {"expected": 7908, "missing_s_total": 7692, "dup_total": 0, "max_gap_s": 1.0}, "influx_process_raw": {"expected": 7908, "missing_s_total": 7692, "dup_total": 0, "max_gap_s": 1.0}}
[11:05:12] r08 과부하 시작
2 {}
