 Image ingestbench-client:1.0 Building 
 Image ingestbench-client:1.0 Built 
[ingest] up telegraf (14:47:24)
 Network ingestbench_field Creating 
 Network ingestbench_field Creating 
 Network ingestbench_uplink Creating 
 Network ingestbench_uplink Creating 
 Network ingestbench_uplink Created 
 Network ingestbench_uplink Created 
 Container ingestbench-mosquitto-1 Creating 
 Network ingestbench_field Created 
 Network ingestbench_field Created 
 Container ingestbench-plant-simulator-1 Creating 
 Container ingestbench-mosquitto-1 Created 
 Container ingestbench-downstream-1 Creating 
 Container ingestbench-plant-simulator-1 Created 
 Container ingestbench-telegraf-1 Creating 
 Container ingestbench-telegraf-1 Created 
 Container ingestbench-downstream-1 Created 
 Container ingestbench-mosquitto-1 Starting 
 Container ingestbench-plant-simulator-1 Starting 
 Container ingestbench-mosquitto-1 Started 
 Container ingestbench-downstream-1 Starting 
 Container ingestbench-plant-simulator-1 Started 
 Container ingestbench-plant-simulator-1 Waiting 
 Container ingestbench-downstream-1 Started 
 Container ingestbench-plant-simulator-1 Healthy 
 Container ingestbench-telegraf-1 Starting 
 Container ingestbench-telegraf-1 Started 
 Container ingestbench-client-run-0e5c0f6dad4b Creating 
 Container ingestbench-client-run-0e5c0f6dad4b Created 
