 Image pipebench-client:1.0 Building 
 Image pipebench-client:1.0 Built 
[pipe] up tbmq-pc (kafka 3.9.0, 14:22:31)
 Network pipebench_default Creating 
 Network pipebench_default Creating 
 Network pipebench_default Created 
 Network pipebench_default Created 
 Container pipebench-tbmq-pc-valkey-1 Creating 
 Container pipebench-kafka-1 Creating 
 Container pipebench-influxdb-1 Creating 
 Container pipebench-tbmq-pc-postgres-1 Creating 
 Container pipebench-emqx-1 Creating 
 Container pipebench-tbmq-pc-valkey-1 Created 
 Container pipebench-kafka-1 Created 
 Container pipebench-kafka-init-1 Creating 
 Container pipebench-emqx-1 Created 
 Container pipebench-influxdb-1 Created 
 Container pipebench-tbmq-pc-postgres-1 Created 
 Container pipebench-kafka-init-1 Created 
 Container pipebench-tbmq-pc-1 Creating 
 Container pipebench-tbmq-pc-telegraf23-1 Creating 
 Container pipebench-tbmq-pc-telegraf23-1 Created 
 Container pipebench-tbmq-pc-1 Created 
 Container pipebench-tbmq-pc-ie-1 Creating 
 Container pipebench-tbmq-pc-ie-1 Created 
 Container pipebench-emqx-1 Starting 
 Container pipebench-tbmq-pc-postgres-1 Starting 
 Container pipebench-kafka-1 Starting 
 Container pipebench-influxdb-1 Starting 
 Container pipebench-tbmq-pc-valkey-1 Starting 
 Container pipebench-emqx-1 Started 
 Container pipebench-tbmq-pc-postgres-1 Started 
 Container pipebench-kafka-1 Started 
 Container pipebench-kafka-1 Waiting 
 Container pipebench-tbmq-pc-valkey-1 Started 
 Container pipebench-influxdb-1 Started 
 Container pipebench-kafka-1 Healthy 
 Container pipebench-kafka-init-1 Starting 
 Container pipebench-kafka-init-1 Started 
 Container pipebench-tbmq-pc-1 Starting 
 Container pipebench-influxdb-1 Waiting 
 Container pipebench-emqx-1 Waiting 
 Container pipebench-kafka-init-1 Waiting 
 Container pipebench-tbmq-pc-1 Started 
 Container pipebench-tbmq-pc-ie-1 Starting 
 Container pipebench-influxdb-1 Healthy 
 Container pipebench-tbmq-pc-ie-1 Started 
 Container pipebench-emqx-1 Healthy 
 Container pipebench-kafka-init-1 Exited 
 Container pipebench-tbmq-pc-telegraf23-1 Starting 
 Container pipebench-tbmq-pc-telegraf23-1 Started 
 Container pipebench-client-run-8a2ccc3864a4 Creating 
 Container pipebench-client-run-8a2ccc3864a4 Created 
TBMQ 로그인 실패

[pipe] SETUP 실패 → 원인 확인 필요(설정 출력 experiments/EXP-PIPE/raw/setup_tbmq-pc.txt)
