 Image ingestbench-client:1.0 Building 
 Image ingestbench-client:1.0 Built 
[ingest] up streampipes (13:45:03)
 Network ingestbench_uplink Creating 
 Network ingestbench_uplink Creating 
 Volume ingestbench_sp-backend Creating 
 Volume ingestbench_sp-backend Creating 
 Network ingestbench_field Creating 
 Network ingestbench_field Creating 
 Volume ingestbench_sp-couchdb Creating 
 Volume ingestbench_sp-influx2 Creating 
 Volume ingestbench_sp-influx2 Creating 
 Volume ingestbench_sp-couchdb Creating 
 Volume ingestbench_sp-backend Created 
 Volume ingestbench_sp-backend Created 
 Volume ingestbench_sp-couchdb Created 
 Volume ingestbench_sp-couchdb Created 
 Volume ingestbench_sp-influx2 Created 
 Volume ingestbench_sp-influx2 Created 
 Network ingestbench_field Created 
 Network ingestbench_field Created 
 Container ingestbench-plant-simulator-1 Creating 
 Network ingestbench_uplink Created 
 Network ingestbench_uplink Created 
 Container ingestbench-streampipes-extensions-all-iiot-1 Creating 
 Container ingestbench-streampipes-influxdb-1 Creating 
 Container ingestbench-streampipes-nats-1 Creating 
 Container ingestbench-streampipes-couchdb-1 Creating 
 Container ingestbench-mosquitto-1 Creating 
 Container ingestbench-plant-simulator-1 Created 
 Container ingestbench-streampipes-nats-1 Created 
 Container ingestbench-streampipes-influxdb-1 Created 
 Container ingestbench-streampipes-extensions-all-iiot-1 Created 
 Container ingestbench-streampipes-couchdb-1 Created 
 Container ingestbench-streampipes-backend-1 Creating 
 Container ingestbench-mosquitto-1 Created 
 Container ingestbench-downstream-1 Creating 
 Container ingestbench-streampipes-backend-1 Created 
 Container ingestbench-streampipes-ui-1 Creating 
 Container ingestbench-downstream-1 Created 
 Container ingestbench-streampipes-ui-1 Created 
 Container ingestbench-streampipes-nats-1 Starting 
 Container ingestbench-streampipes-couchdb-1 Starting 
 Container ingestbench-plant-simulator-1 Starting 
 Container ingestbench-mosquitto-1 Starting 
 Container ingestbench-streampipes-extensions-all-iiot-1 Starting 
 Container ingestbench-streampipes-influxdb-1 Starting 
 Container ingestbench-plant-simulator-1 Started 
 Container ingestbench-streampipes-nats-1 Started 
 Container ingestbench-streampipes-influxdb-1 Started 
 Container ingestbench-mosquitto-1 Started 
 Container ingestbench-downstream-1 Starting 
 Container ingestbench-streampipes-couchdb-1 Started 
 Container ingestbench-streampipes-backend-1 Starting 
 Container ingestbench-streampipes-extensions-all-iiot-1 Started 
 Container ingestbench-downstream-1 Started 
 Container ingestbench-streampipes-backend-1 Started 
 Container ingestbench-streampipes-ui-1 Starting 
 Container ingestbench-streampipes-ui-1 Started 
 Container ingestbench-client-run-19409f5b9d9c Creating 
 Container ingestbench-client-run-19409f5b9d9c Created 
/repo/harness/ingestbench/streampipes/exported.json 없음 — UI 에서 1회 만든 뒤 `setup.py export` 로 내보내야 재현 가능(② 실행 불가 사유로 기록)

[ingest] SETUP 실패 → ② 기동·기능 탈락 후보(로그: experiments/EXP-ING/raw/logs_streampipes.txt)
