 Image brokerbench-client Building 
 Image brokerbench-client Built 
######## hivemq-edge (13:09:27)
 Container brokerbench-hivemq-edge-1 Creating 
 Container brokerbench-hivemq-edge-1 Created 
 Container brokerbench-hivemq-edge-1 Starting 
 Container brokerbench-hivemq-edge-1 Started 
 Container brokerbench-client-run-d9e4d2c10572 Creating 
 Container brokerbench-client-run-d9e4d2c10572 Created 
ready hivemq-edge after 6.2s
{"sent": 7200, "received_unique": 7200, "lost": 0, "duplicates": 0, "publish_rc_fail": 0, "latency_ms": {"p50": 24.86, "p95": 44.88, "p99": 49.15, "max": 87.64}, "max_gap_ms": 82.5, "note": null, "broker": "hivemq-edge", "mode": "normal", "run": "b1n", "rate": 120, "duration": 60}
{"sent": 7200, "received_unique": 7184, "lost": 16, "duplicates": 0, "publish_rc_fail": 0, "latency_ms": {"p50": 27.6, "p95": 4683.05, "p99": 6774.55, "max": 7302.94}, "max_gap_ms": 7319.6, "note": "호스트가 발행 시작 약 20초 뒤 브로커 docker restart", "broker": "hivemq-edge", "mode": "live_restart", "run": "b1r", "rate": 120, "duration": 60}
 Container brokerbench-client-run-ba3d7df41120 Creating 
 Container brokerbench-client-run-ba3d7df41120 Created 
 Container brokerbench-client-run-42ab434d9ff7 Creating 
 Container brokerbench-client-run-42ab434d9ff7 Created 
{"queued_acked": 600, "received_after_restart": 0, "session_present": false, "connect_rc": "Success", "retained_after_restart": false, "broker": "hivemq-edge", "mode": "offline_queue", "run": "b1q", "rate": 120, "duration": 60}
{"queued_acked": 600, "received_after_restart": 600, "session_present": true, "connect_rc": "Success", "retained_after_restart": true, "broker": "hivemq-edge", "mode": "offline_queue", "run": "b1q0", "rate": 120, "duration": 60}
{"ws_connected": true, "roundtrip": 20, "broker": "hivemq-edge", "mode": "ws", "run": "b1w", "rate": 120, "duration": 60}
hivemq-edge {"verdict": "FAIL", "covered": {"connections": false, "received": false, "sent": false}, "sys_topics": 0, "http_found": {}}
