######## emqx
{"sent": 7200, "received_unique": 7200, "lost": 0, "duplicates": 0, "publish_rc_fail": 0, "latency_ms": {"p50": 1.69, "p95": 2.6, "p99": 7.18, "max": 46.76}, "max_gap_ms": 53.5, "note": null, "broker": "emqx", "mode": "normal", "run": "bn", "rate": 120, "duration": 60}
{"sent": 7200, "received_unique": 7196, "lost": 4, "duplicates": 0, "publish_rc_fail": 0, "latency_ms": {"p50": 1.71, "p95": 8336.22, "p99": 10478.56, "max": 11034.61}, "max_gap_ms": 11074.6, "note": "호스트가 발행 시작 약 20초 뒤 브로커 docker restart", "broker": "emqx", "mode": "live_restart", "run": "br", "rate": 120, "duration": 60}
{"queued_acked": 600, "received_after_restart": 0, "session_present": false, "connect_rc": "Success", "retained_after_restart": false, "broker": "emqx", "mode": "offline_queue", "run": "bq", "rate": 120, "duration": 60}
{"ws_connected": true, "roundtrip": 20, "broker": "emqx", "mode": "ws", "run": "bw", "rate": 120, "duration": 60}
######## mosquitto
{"sent": 7200, "received_unique": 7200, "lost": 0, "duplicates": 0, "publish_rc_fail": 0, "latency_ms": {"p50": 1.07, "p95": 1.66, "p99": 2.74, "max": 18.33}, "max_gap_ms": 33.2, "note": null, "broker": "mosquitto", "mode": "normal", "run": "bn", "rate": 120, "duration": 60}
{"sent": 7200, "received_unique": 7200, "lost": 0, "duplicates": 1, "publish_rc_fail": 0, "latency_ms": {"p50": 1.08, "p95": 1.93, "p99": 468.58, "max": 1007.2}, "max_gap_ms": 1013.7, "note": "호스트가 발행 시작 약 20초 뒤 브로커 docker restart", "broker": "mosquitto", "mode": "live_restart", "run": "br", "rate": 120, "duration": 60}
{"queued_acked": 600, "received_after_restart": 600, "session_present": true, "connect_rc": "Success", "retained_after_restart": true, "broker": "mosquitto", "mode": "offline_queue", "run": "bq", "rate": 120, "duration": 60}
{"ws_connected": true, "roundtrip": 20, "broker": "mosquitto", "mode": "ws", "run": "bw", "rate": 120, "duration": 60}
######## nanomq
{"sent": 7200, "received_unique": 7200, "lost": 0, "duplicates": 0, "publish_rc_fail": 0, "latency_ms": {"p50": 1.42, "p95": 2.01, "p99": 3.05, "max": 11.8}, "max_gap_ms": 17.8, "note": null, "broker": "nanomq", "mode": "normal", "run": "bn", "rate": 120, "duration": 60}
{"sent": 7200, "received_unique": 7196, "lost": 4, "duplicates": 0, "publish_rc_fail": 0, "latency_ms": {"p50": 1.42, "p95": 2.22, "p99": 411.85, "max": 972.96}, "max_gap_ms": 1013.4, "note": "호스트가 발행 시작 약 20초 뒤 브로커 docker restart", "broker": "nanomq", "mode": "live_restart", "run": "br", "rate": 120, "duration": 60}
{"queued_acked": 600, "received_after_restart": 0, "session_present": false, "connect_rc": "Success", "retained_after_restart": false, "broker": "nanomq", "mode": "offline_queue", "run": "bq", "rate": 120, "duration": 60}
{"ws_connected": true, "roundtrip": 20, "broker": "nanomq", "mode": "ws", "run": "bw", "rate": 120, "duration": 60}
######## hivemq
{"sent": 7200, "received_unique": 7200, "lost": 0, "duplicates": 0, "publish_rc_fail": 0, "latency_ms": {"p50": 26.94, "p95": 47.38, "p99": 56.49, "max": 125.78}, "max_gap_ms": 102.8, "note": null, "broker": "hivemq", "mode": "normal", "run": "bn", "rate": 120, "duration": 60}
{"sent": 7200, "received_unique": 6673, "lost": 527, "duplicates": 5, "publish_rc_fail": 0, "latency_ms": {"p50": 28.79, "p95": 11653.05, "p99": 13295.45, "max": 13592.07}, "max_gap_ms": 13346.6, "note": "호스트가 발행 시작 약 20초 뒤 브로커 docker restart", "broker": "hivemq", "mode": "live_restart", "run": "br", "rate": 120, "duration": 60}
{"queued_acked": 600, "received_after_restart": 600, "session_present": true, "connect_rc": "Success", "retained_after_restart": true, "broker": "hivemq", "mode": "offline_queue", "run": "bq", "rate": 120, "duration": 60}
{"ws_connected": true, "roundtrip": 20, "broker": "hivemq", "mode": "ws", "run": "bw", "rate": 120, "duration": 60}
