[1mAR-100 IIoT/SCADA 새 베이스 · 전 계층 검증 (rot-fresh)[0m

[1mTier 1 · 현장 → PLC → 엣지 — 프로토콜 정규화와 제어 반응[0m
  [32m✓[0m 가상설비 응답(강사용 API, 계정 필요)  — 태그 12점, seq=287
  [32m✓[0m 엣지 정규화 (PLC 레지스터 → UNS JSON: 값·품질·출처 시각·순번)  — 10초 안 60건, 태그 12종
  [32m✓[0m 수업용 edgex/telemetry (EdgeX 이벤트 모양) 유지  — 이벤트 1건에 계측 12종
  [32m✓[0m 제어 반응 (운전원 명령 → PLC → 가상설비 물리 반응)  — FT-101 6.31 → 0.04 m3/h, IT-101 6.65 → 0.03 A

[1mTier 2 · DMZ → Kafka — 무손실 유입[0m
  [32m✓[0m Kafka 토픽 구성  — 9/9개 토픽
  [32m✓[0m 정규화 스키마 일관성 (값·품질·스캔 순번·설비 시각)  — 180건 / 태그 12종
  [32m✓[0m 나노초 타임스탬프 보존  — 출처 시각(엣지가 읽은 시각)

[1mTier 3 · 스트림 처리 & ML[0m
  [32m✓[0m Flink 잡 가동  — RUNNING 4개 (Tier-1 SQL 3 + Tier-2 ONNX 1)
  [32m✓[0m 원시에 결측 구간 보존 (무결성)  — raw TT-101 공백 [15.0]초 — 보간으로 덮어쓰지 않음
  [32m✓[0m 결측치 보간 수행  — clean 보간 14건, 방식 ['INTERPOLATED_LINEAR']
  [32m✓[0m 보간값이 quality 로 식별됨 (감사 추적)  — 실측치와 추정치가 구분되어 저장됨
  [32m✓[0m Autoencoder 추론 동작  — 14건 수신
  [32m✓[0m 임베디드 서빙 지연 < 5ms  — 평균 0.295ms — TaskManager 내부 직접 호출
  [32m✓[0m 이상 기여 센서 역추적  — VT-101(90%), CT-101(4%), pH-101(3%)

[1mTier 3 · 다층 이상 탐지 — 시나리오별 담당 계층 확인[0m
  [32m✓[0m spike → TIER1_RULE  — PT-101 = 6.044 barg / 규격 [-, 6.0] | 규격 이탈은 1계층 규칙이 즉시 처리
  [32m✓[0m bearing_wear → TIER1_CEP  — 교반기 전류 9.94A (정격 120% 초과) 후 1초 내 진동 8.01mm/s 상회 → 베어링 열화 의심 | 전류→진동 시간 종속 패턴은 CEP 가 처리
  [32m✓[0m drift → TIER2_ML  — 재구성오차 57.89541 > 임계 0.16640 · 기여 상위: VT-101(93%), PT-101(2%), IT-102(2%) · 추론 0.51ms | 상관구조 붕괴는 Autoencoder 만 탐지

[1mTier 4 · 저장 · 감시[0m
  [32m✓[0m IT InfluxDB 적재 (Flink 정제값)  — 최근 5분 태그 12종
  [32m✓[0m quality 태그 보존  — 실측/추정 구분이 히스토리안까지 전달됨
  [32m✓[0m DMZ 원시 사본 적재 (OT 원시값, IT 는 조회만)  — 최근 1분 태그 12종
  [32m✓[0m Prometheus 에 공정 데이터 없음 (역할 분리)  — 메트릭 983종 중 공정태그 0개
  [32m✓[0m Prometheus 인프라 스크랩  — 8/8 타깃 정상
  [32m✓[0m 구역 감시 연결 (OT agent → DMZ → IT federate)  — IT 에서 보이는 구역 ['dmz', 'ot']

[1mTier 4 · SCADA(FUXA) — 화면 표시와 운전원 제어[0m
  [32m✓[0m FUXA 화면 자동 프로비저닝 (등록부에서 생성)  — 장치 1개, 뷰 1개, 요소 58개
  [32m✓[0m FUXA 실시간 표시 (UNS 구독)  — TT_101=72.3701 vs 가상설비 72.54
  [32m✓[0m FUXA 양방향 제어 (화면 → 운전원 명령 → PLC → 물리)  — 정지 FT-101=0.03 → 85% 재기동 FT-101=7.82 m3/h
  [32m✓[0m 로그인 없는 쓰기 거부 (FUXA 보안)  — guest setTagValue → HTTP 401

결과: 27/27 통과
